(triple P local-date '13 July 2025 16:51:30 AEST')
(triple P gmt-date-time '13 July 2025 06:51:30 GMT')
(triple P epoch-seconds 1752389491)
(triple P name P)
(triple P wind-gusts '15-30.MAX')
(triple P wind-direction '330')
(triple P runway '34')
(triple P date '130642')
(triple P airport 'YMML')
(triple R local-date '13 July 2025 17:37:06 AEST')
(triple R gmt-date-time '13 July 2025 07:37:06 GMT')
(triple R epoch-seconds 1752392227)
(triple R name R)
(triple R runway '34')
(triple R date '130723')
(triple R airport 'YMML')
(triple S local-date '13 July 2025 17:50:31 AEST')
(triple S gmt-date-time '13 July 2025 07:50:31 GMT')
(triple S epoch-seconds 1752393032)
(triple S name S)
(triple S runway '34')
(triple S date '130744')
(triple S airport 'YMML')
(triple T local-date '13 July 2025 18:04:27 AEST')
(triple T gmt-date-time '13 July 2025 08:04:27 GMT')
(triple T epoch-seconds 1752393867)
(triple T name T)
(triple T wind-gusts '18.MAX')
(triple T wind-direction '310')
(triple T date '130758')
(triple T airport 'YMML')
(triple U local-date '13 July 2025 18:19:31 AEST')
(triple U gmt-date-time '13 July 2025 08:19:31 GMT')
(triple U epoch-seconds 1752394772)
(triple U name U)
(triple U runway '27')
(triple U date '130817')
(triple U airport 'YMML')
(triple V local-date '13 July 2025 18:29:34 AEST')
(triple V gmt-date-time '13 July 2025 08:29:34 GMT')
(triple V epoch-seconds 1752395374)
(triple V name V)
(triple V runway '27')
(triple V date '130828')
(triple V airport 'YMML')
*** Error in file : ./aussie.adsb.g unexpected right paren(triple V runway '27')
(triple V date '130828')
(triple V airport 'YMML')
(triple V local-date '13 July 2025 18:39:06 AEST')
(triple V gmt-date-time '13 July 2025 08:39:06 GMT')
(triple V epoch-seconds 1752395947)
(triple V name V)
(triple V runway '27')
(triple V date '130828')
(triple V airport 'YMML')
(triple V wind-direction 'XW')
(triple V runway '27')
(triple V date '130828')
(triple V airport 'YMML')
(triple V local-date '13 July 2025 18:40:48 AEST')
(triple V gmt-date-time '13 July 2025 08:40:48 GMT')
(triple V epoch-seconds 1752396048)
(triple V name V)
(triple V wind-gusts '18.MAX')
(triple V wind-direction '310')
(triple V runway '27')
(triple V date '130828')
(triple V airport 'YMML')
(triple V local-date '13 July 2025 18:41:20 AEST')
(triple V gmt-date-time '13 July 2025 08:41:19 GMT')
(triple V epoch-seconds 1752396080)
(triple V name V)
(triple V wind-gusts ('18.MAX'))
(triple V wind-direction '310')
(triple V runway '27')
(triple V date '130828')
(triple V airport 'YMML')
(triple V local-date '13 July 2025 18:42:26 AEST')
(triple V gmt-date-time '13 July 2025 08:42:26 GMT')
(triple V epoch-seconds 1752396146)
(triple V name V)
(triple V wind-gusts ('310' '18.MAX'))
(triple V wind-direction '310')
(triple V runway '27')
(triple V date '130828')
(triple V airport 'YMML')
(triple V local-date '13 July 2025 18:42:59 AEST')
(triple V gmt-date-time '13 July 2025 08:42:59 GMT')
(triple V epoch-seconds 1752396179)
(triple V name V)
(triple V wind-gusts '18.MAX')
(triple V wind-direction '310')
(triple V runway '27')
(triple V date '130828')
(triple V airport 'YMML')
(triple W local-date '13 July 2025 18:45:00 AEST')
(triple W gmt-date-time '13 July 2025 08:45:00 GMT')
(triple W epoch-seconds 1752396300)
(triple W name W)
(triple W wind-gusts '14.MAX')
(triple W wind-direction '310')
(triple W runway '27')
(triple W date '130840')
(triple W airport 'YMML')
(triple X local-date '13 July 2025 18:55:03 AEST')
(triple X gmt-date-time '13 July 2025 08:55:03 GMT')
(triple X epoch-seconds 1752396904)
(triple X name X)
(triple X wind-gusts '14.MAX')
(triple X wind-direction '310')
(triple X runway '27')
(triple X date '130852')
(triple X airport 'YMML')
(triple Y local-date '13 July 2025 19:05:07 AEST')
(triple Y gmt-date-time '13 July 2025 09:05:07 GMT')
(triple Y epoch-seconds 1752397507)
(triple Y name Y)
(triple Y wind-gusts '25')
(triple Y wind-direction '270')
(triple Y runway '27')
(triple Y date '130904')
(triple Y airport 'YMML')
(triple O local-date '13 July 2025 19:15:10 AEST')
(triple O gmt-date-time '13 July 2025 09:15:10 GMT')
(triple O epoch-seconds 1752398110)
(triple O name O)
(triple O wind-gusts '12-22')
(triple O wind-direction '270')
(triple O runway '27')
(triple O date '130912')
(triple O airport 'YMML')
(triple P local-date '13 July 2025 19:25:13 AEST')
(triple P gmt-date-time '13 July 2025 09:25:13 GMT')
(triple P epoch-seconds 1752398714)
(triple P name P)
(triple P wind-gusts '12-22')
(triple P wind-direction '270')
(triple P runway '27')
(triple P date '130921')
(triple P airport 'YMML')
(triple Q local-date '13 July 2025 19:35:15 AEST')
(triple Q gmt-date-time '13 July 2025 09:35:15 GMT')
(triple Q epoch-seconds 1752399316)
(triple Q name Q)
(triple Q wind-gusts '12-22')
(triple Q wind-direction '270')
(triple Q runway '27')
(triple Q date '130933')
(triple Q airport 'YMML')
(triple R local-date '13 July 2025 19:45:17 AEST')
(triple R gmt-date-time '13 July 2025 09:45:17 GMT')
(triple R epoch-seconds 1752399918)
(triple R name R)
(triple R wind-gusts '12')
(triple R wind-direction '270')
(triple R runway '27')
(triple R date '130940')
(triple R airport 'YMML')
(triple S local-date '13 July 2025 19:50:19 AEST')
(triple S gmt-date-time '13 July 2025 09:50:19 GMT')
(triple S epoch-seconds 1752400219)
(triple S name S)
(triple S wind-gusts '12')
(triple S wind-direction '290')
(triple S runway '27')
(triple S date '130946')
(triple S airport 'YMML')
(triple T local-date '13 July 2025 20:25:28 AEST')
(triple T gmt-date-time '13 July 2025 10:25:28 GMT')
(triple T epoch-seconds 1752402329)
(triple T name T)
(triple T wind-gusts '15.')
(triple T wind-direction '270')
(triple T runway '27')
(triple T date '131019')
(triple T airport 'YMML')
(triple U local-date '13 July 2025 21:00:41 AEST')
(triple U gmt-date-time '13 July 2025 11:00:41 GMT')
(triple U epoch-seconds 1752404441)
(triple U name U)
(triple U wind-gusts '15.')
(triple U wind-direction '270')
(triple U runway '27')
(triple U date '131059')
(triple U airport 'YMML')
(triple V local-date '13 July 2025 21:30:54 AEST')
(triple V gmt-date-time '13 July 2025 11:30:54 GMT')
(triple V epoch-seconds 1752406254)
(triple V name V)
(triple V wind-gusts '15.')
(triple V wind-direction '280')
(triple V runway '27')
(triple V date '131126')
(triple V airport 'YMML')
(triple W local-date '13 July 2025 21:51:02 AEST')
(triple W gmt-date-time '13 July 2025 11:51:02 GMT')
(triple W epoch-seconds 1752407463)
(triple W name W)
(triple W wind-gusts '15.')
(triple W wind-direction '280')
(triple W runway '27')
(triple W date '131146')
(triple W airport 'YMML')
(triple X local-date '13 July 2025 22:36:16 AEST')
(triple X gmt-date-time '13 July 2025 12:36:16 GMT')
(triple X epoch-seconds 1752410176)
(triple X name X)
(triple X wind-gusts '8')
(triple X wind-direction '260')
(triple X runway '27')
(triple X date '131235')
(triple X airport 'YMML')
(triple Y local-date '14 July 2025 00:36:53 AEST')
(triple Y gmt-date-time '13 July 2025 14:36:53 GMT')
(triple Y epoch-seconds 1752417414)
(triple Y name Y)
(triple Y wind-gusts '8')
(triple Y wind-direction '260')
(triple Y runway '27')
(triple Y date '131433')
(triple Y airport 'YMML')
(triple N local-date '14 July 2025 01:07:03 AEST')
(triple N gmt-date-time '13 July 2025 15:07:03 GMT')
(triple N epoch-seconds 1752419223)
(triple N name N)
(triple N wind-gusts '8')
(triple N wind-direction '260')
(triple N runway '27')
(triple N date '131459')
(triple N airport 'YMML')
(triple O local-date '14 July 2025 01:27:08 AEST')
(triple O gmt-date-time '13 July 2025 15:27:08 GMT')
(triple O epoch-seconds 1752420429)
(triple O name O)
(triple O wind-gusts '8')
(triple O wind-direction '260')
(triple O runway '27')
(triple O date '131527')
(triple O airport 'YMML')
(triple P local-date '14 July 2025 02:42:32 AEST')
(triple P gmt-date-time '13 July 2025 16:42:32 GMT')
(triple P epoch-seconds 1752424953)
(triple P name P)
(triple P wind-gusts '7')
(triple P wind-direction '290')
(triple P runway '27')
(triple P date '131637')
(triple P airport 'YMML')
(triple Q local-date '14 July 2025 03:58:01 AEST')
(triple Q gmt-date-time '13 July 2025 17:58:01 GMT')
(triple Q epoch-seconds 1752429482)
(triple Q name Q)
(triple Q wind-gusts '7')
(triple Q wind-direction '290')
(triple Q runway '27')
(triple Q date '131753')
(triple Q airport 'YMML')
(triple R local-date '14 July 2025 04:48:16 AEST')
(triple R gmt-date-time '13 July 2025 18:48:16 GMT')
(triple R epoch-seconds 1752432496)
(triple R name R)
(triple R wind-gusts '7')
(triple R wind-direction '290')
(triple R runway '27')
(triple R date '131845')
(triple R airport 'YMML')
(triple S local-date '14 July 2025 05:08:22 AEST')
(triple S gmt-date-time '13 July 2025 19:08:22 GMT')
(triple S epoch-seconds 1752433702)
(triple S name S)
(triple S wind-gusts '7')
(triple S wind-direction '290')
(triple S runway '27')
(triple S date '131906')
(triple S airport 'YMML')
(triple T local-date '14 July 2025 06:03:37 AEST')
(triple T gmt-date-time '13 July 2025 20:03:37 GMT')
(triple T epoch-seconds 1752437017)
(triple T name T)
(triple T wind-gusts '7')
(triple T wind-direction '290')
(triple T runway '27')
(triple T date '131959')
(triple T airport 'YMML')
(triple U local-date '14 July 2025 07:29:02 AEST')
(triple U gmt-date-time '13 July 2025 21:29:02 GMT')
(triple U epoch-seconds 1752442143)
(triple U name U)
(triple U wind-gusts '8')
(triple U wind-direction '300')
(triple U runway '27')
(triple U date '132128')
(triple U airport 'YMML')
(triple V local-date '14 July 2025 07:54:10 AEST')
(triple V gmt-date-time '13 July 2025 21:54:10 GMT')
(triple V epoch-seconds 1752443650)
(triple V name V)
(triple V wind-gusts '8')
(triple V wind-direction '300')
(triple V runway '27')
(triple V date '132151')
(triple V airport 'YMML')
(triple W local-date '14 July 2025 08:44:25 AEST')
(triple W gmt-date-time '13 July 2025 22:44:25 GMT')
(triple W epoch-seconds 1752446665)
(triple W name W)
(triple W wind-gusts '8')
(triple W wind-direction '300')
(triple W runway '27')
(triple W date '132243')
(triple W airport 'YMML')
(triple X local-date '14 July 2025 08:59:28 AEST')
(triple X gmt-date-time '13 July 2025 22:59:28 GMT')
(triple X epoch-seconds 1752447569)
(triple X name X)
(triple X wind-gusts '8')
(triple X wind-direction '320')
(triple X runway '27')
(triple X date '132255')
(triple X airport 'YMML')
(triple Y local-date '14 July 2025 09:29:37 AEST')
(triple Y gmt-date-time '13 July 2025 23:29:37 GMT')
(triple Y epoch-seconds 1752449377)
(triple Y name Y)
(triple Y wind-gusts '8')
(triple Y wind-direction '320')
(triple Y runway '27')
(triple Y date '132325')
(triple Y airport 'YMML')
(triple N local-date '14 July 2025 09:39:40 AEST')
(triple N gmt-date-time '13 July 2025 23:39:40 GMT')
(triple N epoch-seconds 1752449981)
(triple N name N)
(triple N wind-gusts '8')
(triple N wind-direction '300')
(triple N runway '27')
(triple N date '132335')
(triple N airport 'YMML')
(triple O local-date '14 July 2025 10:14:51 AEST')
(triple O gmt-date-time '14 July 2025 00:14:51 GMT')
(triple O epoch-seconds 1752452092)
(triple O name O)
(triple O wind-gusts '8')
(triple O wind-direction '260-320')
(triple O runway '27')
(triple O date '140014')
(triple O airport 'YMML')
(triple O local-date '14 July 2025 10:36:22 AEST')
(triple O gmt-date-time '14 July 2025 00:36:22 GMT')
(triple O epoch-seconds 1752453383)
(triple O name O)
(triple O wind-gusts '8')
(triple O wind-direction '260-320')
(triple O runway '27')
(triple O date '140014')
(triple O airport 'YMML')
(triple P local-date '14 July 2025 10:50:25 AEST')
(triple P gmt-date-time '14 July 2025 00:50:25 GMT')
(triple P epoch-seconds 1752454225)
(triple P name P)
(triple P wind-gusts '12.')
(triple P wind-direction '260-320')
(triple P runway '27')
(triple P date '140042')
(triple P airport 'YMML')
(triple Q local-date '14 July 2025 11:15:32 AEST')
(triple Q gmt-date-time '14 July 2025 01:15:32 GMT')
(triple Q epoch-seconds 1752455733)
(triple Q name Q)
(triple Q wind-gusts '12.')
(triple Q wind-direction '260-320')
(triple Q runway '27')
(triple Q date '140115')
(triple Q airport 'YMML')
(triple R local-date '14 July 2025 11:35:38 AEST')
(triple R gmt-date-time '14 July 2025 01:35:38 GMT')
(triple R epoch-seconds 1752456939)
(triple R name R)
(triple R wind-gusts '12.')
(triple R wind-direction '260-320')
(triple R runway '27')
(triple R date '140133')
(triple R airport 'YMML')
(triple S local-date '14 July 2025 11:40:40 AEST')
(triple S gmt-date-time '14 July 2025 01:40:40 GMT')
(triple S epoch-seconds 1752457240)
(triple S name S)
(triple S wind-gusts '12.')
(triple S wind-direction '260-320')
(triple S runway '27')
(triple S date '140138')
(triple S airport 'YMML')
(triple T local-date '14 July 2025 11:55:45 AEST')
(triple T gmt-date-time '14 July 2025 01:55:45 GMT')
(triple T epoch-seconds 1752458145)
(triple T name T)
(triple T wind-gusts '12.')
(triple T wind-direction '250-320')
(triple T runway '27')
(triple T date '140152')
(triple T airport 'YMML')
(triple U local-date '14 July 2025 12:30:57 AEST')
(triple U gmt-date-time '14 July 2025 02:30:57 GMT')
(triple U epoch-seconds 1752460257)
(triple U name U)
(triple U wind-gusts '12.')
(triple U wind-direction '250-320')
(triple U runway '27')
(triple U date '140228')
(triple U airport 'YMML')
(triple V local-date '14 July 2025 12:56:05 AEST')
(triple V gmt-date-time '14 July 2025 02:56:05 GMT')
(triple V epoch-seconds 1752461766)
(triple V name V)
(triple V wind-gusts '12.')
(triple V wind-direction '250-320')
(triple V runway '27')
(triple V date '140252')
(triple V airport 'YMML')
(triple W local-date '14 July 2025 13:51:22 AEST')
(triple W gmt-date-time '14 July 2025 03:51:22 GMT')
(triple W epoch-seconds 1752465083)
(triple W name W)
(triple W wind-gusts '10,')
(triple W wind-direction '300')
(triple W runway '27')
(triple W date '140342')
(triple W airport 'YMML')
(triple X local-date '14 July 2025 15:05:45 AEST')
(triple X gmt-date-time '14 July 2025 05:05:45 GMT')
(triple X epoch-seconds 1752469546)
(triple X name X)
(triple X wind-gusts '10,')
(triple X wind-direction '300')
(triple X runway '27')
(triple X date '140501')
(triple X airport 'YMML')
(triple Y local-date '14 July 2025 15:20:50 AEST')
(triple Y gmt-date-time '14 July 2025 05:20:50 GMT')
(triple Y epoch-seconds 1752470450)
(triple Y name Y)
(triple Y wind-gusts '10,')
(triple Y wind-direction '300')
(triple Y runway '27')
(triple Y date '140519')
(triple Y airport 'YMML')
(triple N local-date '14 July 2025 15:38:56 AEST')
(triple N gmt-date-time '14 July 2025 05:38:56 GMT')
(triple N epoch-seconds 1752471537)
(triple N name N)
(triple N wind-gusts '10,')
(triple N wind-direction '300')
(triple N runway '27')
(triple N date '140534')
(triple N airport 'YMML')
